Archive member included to satisfy reference by file (symbol)

/Applications/STM32CubeIDE.app/Contents/Eclipse/plugins/com.st.stm32cube.ide.mcu.externaltools.gnu-tools-for-stm32.14.3.rel1.macosaarch64_1.0.0.202602081740/tools/bin/../lib/gcc/arm-none-eabi/14.3.1/../../../../arm-none-eabi/lib/thumb/v7e-m+fp/hard/libc_nano.a(libc_a-exit.o)
                              /Applications/STM32CubeIDE.app/Contents/Eclipse/plugins/com.st.stm32cube.ide.mcu.externaltools.gnu-tools-for-stm32.14.3.rel1.macosaarch64_1.0.0.202602081740/tools/bin/../lib/gcc/arm-none-eabi/14.3.1/../../../../arm-none-eabi/lib/thumb/v7e-m+fp/hard/crt0.o (exit)
/Applications/STM32CubeIDE.app/Contents/Eclipse/plugins/com.st.stm32cube.ide.mcu.externaltools.gnu-tools-for-stm32.14.3.rel1.macosaarch64_1.0.0.202602081740/tools/bin/../lib/gcc/arm-none-eabi/14.3.1/../../../../arm-none-eabi/lib/thumb/v7e-m+fp/hard/libc_nano.a(libc_a-findfp.o)
                              /Applications/STM32CubeIDE.app/Contents/Eclipse/plugins/com.st.stm32cube.ide.mcu.externaltools.gnu-tools-for-stm32.14.3.rel1.macosaarch64_1.0.0.202602081740/tools/bin/../lib/gcc/arm-none-eabi/14.3.1/../../../../arm-none-eabi/lib/thumb/v7e-m+fp/hard/libc_nano.a(libc_a-exit.o) (__stdio_exit_handler)
/Applications/STM32CubeIDE.app/Contents/Eclipse/plugins/com.st.stm32cube.ide.mcu.externaltools.gnu-tools-for-stm32.14.3.rel1.macosaarch64_1.0.0.202602081740/tools/bin/../lib/gcc/arm-none-eabi/14.3.1/../../../../arm-none-eabi/lib/thumb/v7e-m+fp/hard/libc_nano.a(libc_a-fwalk.o)
                              /Applications/STM32CubeIDE.app/Contents/Eclipse/plugins/com.st.stm32cube.ide.mcu.externaltools.gnu-tools-for-stm32.14.3.rel1.macosaarch64_1.0.0.202602081740/tools/bin/../lib/gcc/arm-none-eabi/14.3.1/../../../../arm-none-eabi/lib/thumb/v7e-m+fp/hard/libc_nano.a(libc_a-findfp.o) (_fwalk_sglue)
/Applications/STM32CubeIDE.app/Contents/Eclipse/plugins/com.st.stm32cube.ide.mcu.externaltools.gnu-tools-for-stm32.14.3.rel1.macosaarch64_1.0.0.202602081740/tools/bin/../lib/gcc/arm-none-eabi/14.3.1/../../../../arm-none-eabi/lib/thumb/v7e-m+fp/hard/libc_nano.a(libc_a-memset.o)
                              /Applications/STM32CubeIDE.app/Contents/Eclipse/plugins/com.st.stm32cube.ide.mcu.externaltools.gnu-tools-for-stm32.14.3.rel1.macosaarch64_1.0.0.202602081740/tools/bin/../lib/gcc/arm-none-eabi/14.3.1/../../../../arm-none-eabi/lib/thumb/v7e-m+fp/hard/crt0.o (memset)
/Applications/STM32CubeIDE.app/Contents/Eclipse/plugins/com.st.stm32cube.ide.mcu.externaltools.gnu-tools-for-stm32.14.3.rel1.macosaarch64_1.0.0.202602081740/tools/bin/../lib/gcc/arm-none-eabi/14.3.1/../../../../arm-none-eabi/lib/thumb/v7e-m+fp/hard/libc_nano.a(libc_a-errno.o)
                              ./Src/syscalls.o (__errno)
/Applications/STM32CubeIDE.app/Contents/Eclipse/plugins/com.st.stm32cube.ide.mcu.externaltools.gnu-tools-for-stm32.14.3.rel1.macosaarch64_1.0.0.202602081740/tools/bin/../lib/gcc/arm-none-eabi/14.3.1/../../../../arm-none-eabi/lib/thumb/v7e-m+fp/hard/libc_nano.a(libc_a-init.o)
                              /Applications/STM32CubeIDE.app/Contents/Eclipse/plugins/com.st.stm32cube.ide.mcu.externaltools.gnu-tools-for-stm32.14.3.rel1.macosaarch64_1.0.0.202602081740/tools/bin/../lib/gcc/arm-none-eabi/14.3.1/../../../../arm-none-eabi/lib/thumb/v7e-m+fp/hard/crt0.o (__libc_init_array)
/Applications/STM32CubeIDE.app/Contents/Eclipse/plugins/com.st.stm32cube.ide.mcu.externaltools.gnu-tools-for-stm32.14.3.rel1.macosaarch64_1.0.0.202602081740/tools/bin/../lib/gcc/arm-none-eabi/14.3.1/../../../../arm-none-eabi/lib/thumb/v7e-m+fp/hard/libc_nano.a(libc_a-lock.o)
                              /Applications/STM32CubeIDE.app/Contents/Eclipse/plugins/com.st.stm32cube.ide.mcu.externaltools.gnu-tools-for-stm32.14.3.rel1.macosaarch64_1.0.0.202602081740/tools/bin/../lib/gcc/arm-none-eabi/14.3.1/../../../../arm-none-eabi/lib/thumb/v7e-m+fp/hard/libc_nano.a(libc_a-findfp.o) (__retarget_lock_init_recursive)
/Applications/STM32CubeIDE.app/Contents/Eclipse/plugins/com.st.stm32cube.ide.mcu.externaltools.gnu-tools-for-stm32.14.3.rel1.macosaarch64_1.0.0.202602081740/tools/bin/../lib/gcc/arm-none-eabi/14.3.1/../../../../arm-none-eabi/lib/thumb/v7e-m+fp/hard/libc_nano.a(libc_a-impure.o)
                              /Applications/STM32CubeIDE.app/Contents/Eclipse/plugins/com.st.stm32cube.ide.mcu.externaltools.gnu-tools-for-stm32.14.3.rel1.macosaarch64_1.0.0.202602081740/tools/bin/../lib/gcc/arm-none-eabi/14.3.1/../../../../arm-none-eabi/lib/thumb/v7e-m+fp/hard/libc_nano.a(libc_a-errno.o) (_impure_ptr)
/Applications/STM32CubeIDE.app/Contents/Eclipse/plugins/com.st.stm32cube.ide.mcu.externaltools.gnu-tools-for-stm32.14.3.rel1.macosaarch64_1.0.0.202602081740/tools/bin/../lib/gcc/arm-none-eabi/14.3.1/../../../../arm-none-eabi/lib/thumb/v7e-m+fp/hard/libc_nano.a(libc_a-mallocr.o)
[...]
Memory Configuration

Name             Origin             Length             Attributes
RAM              0x20000000         0x00020000         xrw
FLASH            0x08000000         0x00080000         xr
*default*        0x00000000         0xffffffff

Linker script and memory map

LOAD /Applications/STM32CubeIDE.app/Contents/Eclipse/plugins/com.st.stm32cube.ide.mcu.externaltools.gnu-tools-for-stm32.14.3.rel1.macosaarch64_1.0.0.202602081740/tools/bin/../lib/gcc/arm-none-eabi/14.3.1/thumb/v7e-m+fp/hard/crti.o
LOAD /Applications/STM32CubeIDE.app/Contents/Eclipse/plugins/com.st.stm32cube.ide.mcu.externaltools.gnu-tools-for-stm32.14.3.rel1.macosaarch64_1.0.0.202602081740/tools/bin/../lib/gcc/arm-none-eabi/14.3.1/thumb/v7e-m+fp/hard/crtbegin.o
LOAD /Applications/STM32CubeIDE.app/Contents/Eclipse/plugins/com.st.stm32cube.ide.mcu.externaltools.gnu-tools-for-stm32.14.3.rel1.macosaarch64_1.0.0.202602081740/tools/bin/../lib/gcc/arm-none-eabi/14.3.1/../../../../arm-none-eabi/lib/thumb/v7e-m+fp/hard/crt0.o
LOAD ./Drivers/STM32G4xx_HAL_Driver/Src/stm32g4xx_hal.o
LOAD ./Drivers/STM32G4xx_HAL_Driver/Src/stm32g4xx_hal_cortex.o
LOAD ./Drivers/STM32G4xx_HAL_Driver/Src/stm32g4xx_hal_dma.o
LOAD ./Drivers/STM32G4xx_HAL_Driver/Src/stm32g4xx_hal_dma_ex.o
LOAD ./Drivers/STM32G4xx_HAL_Driver/Src/stm32g4xx_hal_exti.o
LOAD ./Drivers/STM32G4xx_HAL_Driver/Src/stm32g4xx_hal_flash.o
LOAD ./Drivers/STM32G4xx_HAL_Driver/Src/stm32g4xx_hal_flash_ex.o
LOAD ./Drivers/STM32G4xx_HAL_Driver/Src/stm32g4xx_hal_flash_ramfunc.o
LOAD ./Drivers/STM32G4xx_HAL_Driver/Src/stm32g4xx_hal_gpio.o
LOAD ./Drivers/STM32G4xx_HAL_Driver/Src/stm32g4xx_hal_pwr.o
LOAD ./Drivers/STM32G4xx_HAL_Driver/Src/stm32g4xx_hal_pwr_ex.o
LOAD ./Drivers/STM32G4xx_HAL_Driver/Src/stm32g4xx_hal_rcc.o
LOAD ./Drivers/STM32G4xx_HAL_Driver/Src/stm32g4xx_hal_rcc_ex.o
LOAD ./Drivers/STM32G4xx_HAL_Driver/Src/stm32g4xx_hal_tim.o
LOAD ./Drivers/STM32G4xx_HAL_Driver/Src/stm32g4xx_hal_tim_ex.o
LOAD ./Drivers/STM32G4xx_HAL_Driver/Src/stm32g4xx_hal_uart.o
LOAD ./Drivers/STM32G4xx_HAL_Driver/Src/stm32g4xx_hal_uart_ex.o
LOAD ./Src/main.o
LOAD ./Src/stm32g4xx_hal_msp.o
LOAD ./Src/stm32g4xx_it.o
LOAD ./Src/syscalls.o
LOAD ./Src/sysmem.o
LOAD ./Src/system_stm32g4xx.o
LOAD ./Startup/startup_stm32g474retx.o
START GROUP
LOAD /Applications/STM32CubeIDE.app/Contents/Eclipse/plugins/com.st.stm32cube.ide.mcu.externaltools.gnu-tools-for-stm32.14.3.rel1.macosaarch64_1.0.0.202602081740/tools/bin/../lib/gcc/arm-none-eabi/14.3.1/../../../../arm-none-eabi/lib/thumb/v7e-m+fp/hard/libc_nano.a
LOAD /Applications/STM32CubeIDE.app/Contents/Eclipse/plugins/com.st.stm32cube.ide.mcu.externaltools.gnu-tools-for-stm32.14.3.rel1.macosaarch64_1.0.0.202602081740/tools/bin/../lib/gcc/arm-none-eabi/14.3.1/../../../../arm-none-eabi/lib/thumb/v7e-m+fp/hard/libm.a
END GROUP
START GROUP
LOAD /Applications/STM32CubeIDE.app/Contents/Eclipse/plugins/com.st.stm32cube.ide.mcu.externaltools.gnu-tools-for-stm32.14.3.rel1.macosaarch64_1.0.0.202602081740/tools/bin/../lib/gcc/arm-none-eabi/14.3.1/thumb/v7e-m+fp/hard/libgcc.a
LOAD /Applications/STM32CubeIDE.app/Contents/Eclipse/plugins/com.st.stm32cube.ide.mcu.externaltools.gnu-tools-for-stm32.14.3.rel1.macosaarch64_1.0.0.202602081740/tools/bin/../lib/gcc/arm-none-eabi/14.3.1/../../../../arm-none-eabi/lib/thumb/v7e-m+fp/hard/libc_nano.a
END GROUP
START GROUP
LOAD /Applications/STM32CubeIDE.app/Contents/Eclipse/plugins/com.st.stm32cube.ide.mcu.externaltools.gnu-tools-for-stm32.14.3.rel1.macosaarch64_1.0.0.202602081740/tools/bin/../lib/gcc/arm-none-eabi/14.3.1/thumb/v7e-m+fp/hard/libgcc.a
LOAD /Applications/STM32CubeIDE.app/Contents/Eclipse/plugins/com.st.stm32cube.ide.mcu.externaltools.gnu-tools-for-stm32.14.3.rel1.macosaarch64_1.0.0.202602081740/tools/bin/../lib/gcc/arm-none-eabi/14.3.1/../../../../arm-none-eabi/lib/thumb/v7e-m+fp/hard/libc_nano.a
LOAD /Applications/STM32CubeIDE.app/Contents/Eclipse/plugins/com.st.stm32cube.ide.mcu.externaltools.gnu-tools-for-stm32.14.3.rel1.macosaarch64_1.0.0.202602081740/tools/bin/../lib/gcc/arm-none-eabi/14.3.1/../../../../arm-none-eabi/lib/thumb/v7e-m+fp/hard/libnosys.a
END GROUP
START GROUP
LOAD /Applications/STM32CubeIDE.app/Contents/Eclipse/plugins/com.st.stm32cube.ide.mcu.externaltools.gnu-tools-for-stm32.14.3.rel1.macosaarch64_1.0.0.202602081740/tools/bin/../lib/gcc/arm-none-eabi/14.3.1/thumb/v7e-m+fp/hard/libgcc.a
LOAD /Applications/STM32CubeIDE.app/Contents/Eclipse/plugins/com.st.stm32cube.ide.mcu.externaltools.gnu-tools-for-stm32.14.3.rel1.macosaarch64_1.0.0.202602081740/tools/bin/../lib/gcc/arm-none-eabi/14.3.1/../../../../arm-none-eabi/lib/thumb/v7e-m+fp/hard/libc_nano.a
LOAD /Applications/STM32CubeIDE.app/Contents/Eclipse/plugins/com.st.stm32cube.ide.mcu.externaltools.gnu-tools-for-stm32.14.3.rel1.macosaarch64_1.0.0.202602081740/tools/bin/../lib/gcc/arm-none-eabi/14.3.1/../../../../arm-none-eabi/lib/thumb/v7e-m+fp/hard/libnosys.a
END GROUP
LOAD /Applications/STM32CubeIDE.app/Contents/Eclipse/plugins/com.st.stm32cube.ide.mcu.externaltools.gnu-tools-for-stm32.14.3.rel1.macosaarch64_1.0.0.202602081740/tools/bin/../lib/gcc/arm-none-eabi/14.3.1/thumb/v7e-m+fp/hard/crtend.o
LOAD /Applications/STM32CubeIDE.app/Contents/Eclipse/plugins/com.st.stm32cube.ide.mcu.externaltools.gnu-tools-for-stm32.14.3.rel1.macosaarch64_1.0.0.202602081740/tools/bin/../lib/gcc/arm-none-eabi/14.3.1/thumb/v7e-m+fp/hard/crtn.o
                0x20020000                        _estack = (ORIGIN (RAM) + LENGTH (RAM))
                0x00000200                        _Min_Heap_Size = 0x200
                0x00000400                        _Min_Stack_Size = 0x400

.isr_vector     0x08000000      0x1d8
                0x08000000                        . = ALIGN (0x4)
 *(.isr_vector)
 .isr_vector    0x08000000      0x1d8 ./Startup/startup_stm32g474retx.o
                0x08000000                g_pfnVectors
                0x080001d8                        . = ALIGN (0x4)

.text           0x080001d8     0x4cc4
                0x080001d8                        . = ALIGN (0x4)
 *(.text)
 .text          0x080001d8       0x40 /Applications/STM32CubeIDE.app/Contents/Eclipse/plugins/com.st.stm32cube.ide.mcu.externaltools.gnu-tools-for-stm32.14.3.rel1.macosaarch64_1.0.0.202602081740/tools/bin/../lib/gcc/arm-none-eabi/14.3.1/thumb/v7e-m+fp/hard/crtbegin.o
 .text          0x08000218       0x30 /Applications/STM32CubeIDE.app/Contents/Eclipse/plugins/com.st.stm32cube.ide.mcu.externaltools.gnu-tools-for-stm32.14.3.rel1.macosaarch64_1.0.0.202602081740/tools/bin/../lib/gcc/arm-none-eabi/14.3.1/thumb/v7e-m+fp/hard/libgcc.a(_aeabi_uldivmod.o)
                0x08000218                __aeabi_uldivmod
 .text          0x08000248      0x2f8 /Applications/STM32CubeIDE.app/Contents/Eclipse/plugins/com.st.stm32cube.ide.mcu.externaltools.gnu-tools-for-stm32.14.3.rel1.macosaarch64_1.0.0.202602081740/tools/bin/../lib/gcc/arm-none-eabi/14.3.1/thumb/v7e-m+fp/hard/libgcc.a(_udivmoddi4.o)
                0x08000248                __udivmoddi4
 .text          0x08000540        0x4 /Applications/STM32CubeIDE.app/Contents/Eclipse/plugins/com.st.stm32cube.ide.mcu.externaltools.gnu-tools-for-stm32.14.3.rel1.macosaarch64_1.0.0.202602081740/tools/bin/../lib/gcc/arm-none-eabi/14.3.1/thumb/v7e-m+fp/hard/libgcc.a(_dvmd_tls.o)
                0x08000540                __aeabi_ldiv0
                0x08000540                __aeabi_idiv0
 *(.text*)
 .text.HAL_Init
                0x08000544       0x30 ./Drivers/STM32G4xx_HAL_Driver/Src/stm32g4xx_hal.o
                0x08000544                HAL_Init
 .text.HAL_InitTick
                0x08000574       0x74 ./Drivers/STM32G4xx_HAL_Driver/Src/stm32g4xx_hal.o
                0x08000574                HAL_InitTick
 .text.HAL_IncTick
                0x080005e8       0x24 ./Drivers/STM32G4xx_HAL_Driver/Src/stm32g4xx_hal.o
                0x080005e8                HAL_IncTick
 .text.HAL_GetTick
                0x0800060c       0x18 ./Drivers/STM32G4xx_HAL_Driver/Src/stm32g4xx_hal.o
                0x0800060c                HAL_GetTick
 .text.__NVIC_SetPriorityGrouping
                0x08000624       0x48 ./Drivers/STM32G4xx_HAL_Driver/Src/stm32g4xx_hal_cortex.o
 .text.__NVIC_GetPriorityGrouping
                0x0800066c       0x1c ./Drivers/STM32G4xx_HAL_Driver/Src/stm32g4xx_hal_cortex.o
 .text.__NVIC_EnableIRQ
                0x08000688       0x3c ./Drivers/STM32G4xx_HAL_Driver/Src/stm32g4xx_hal_cortex.o
 .text.__NVIC_SetPriority
                0x080006c4       0x54 ./Drivers/STM32G4xx_HAL_Driver/Src/stm32g4xx_hal_cortex.o
 .text.NVIC_EncodePriority
                0x08000718       0x66 ./Drivers/STM32G4xx_HAL_Driver/Src/stm32g4xx_hal_cortex.o
 *fill*         0x0800077e        0x2 
 .text.SysTick_Config
                0x08000780       0x44 ./Drivers/STM32G4xx_HAL_Driver/Src/stm32g4xx_hal_cortex.o
 .text.HAL_NVIC_SetPriorityGrouping
                0x080007c4       0x16 ./Drivers/STM32G4xx_HAL_Driver/Src/stm32g4xx_hal_cortex.o
                0x080007c4                HAL_NVIC_SetPriorityGrouping
 .text.HAL_NVIC_SetPriority
                0x080007da       0x34 ./Drivers/STM32G4xx_HAL_Driver/Src/stm32g4xx_hal_cortex.o
                0x080007da                HAL_NVIC_SetPriority
 .text.HAL_NVIC_EnableIRQ
                0x0800080e       0x1c ./Drivers/STM32G4xx_HAL_Driver/Src/stm32g4xx_hal_cortex.o
                0x0800080e                HAL_NVIC_EnableIRQ
 .text.HAL_SYSTICK_Config
                0x0800082a       0x18 ./Drivers/STM32G4xx_HAL_Driver/Src/stm32g4xx_hal_cortex.o
                0x0800082a                HAL_SYSTICK_Config
 .text.HAL_DMA_Abort
                0x08000842       0xbc ./Drivers/STM32G4xx_HAL_Driver/Src/stm32g4xx_hal_dma.o
                0x08000842                HAL_DMA_Abort
 .text.HAL_DMA_Abort_IT
                0x080008fe       0xce ./Drivers/STM32G4xx_HAL_Driver/Src/stm32g4xx_hal_dma.o
                0x080008fe                HAL_DMA_Abort_IT
 .text.HAL_GPIO_Init
                0x080009cc      0x318 ./Drivers/STM32G4xx_HAL_Driver/Src/stm32g4xx_hal_gpio.o
                0x080009cc                HAL_GPIO_Init
 .text.HAL_GPIO_WritePin
                0x08000ce4       0x30 ./Drivers/STM32G4xx_HAL_Driver/Src/stm32g4xx_hal_gpio.o
                0x08000ce4                HAL_GPIO_WritePin
 .text.HAL_PWREx_ControlVoltageScaling
                0x08000d14      0x148 ./Drivers/STM32G4xx_HAL_Driver/Src/stm32g4xx_hal_pwr_ex.o
                0x08000d14                HAL_PWREx_ControlVoltageScaling
 .text.HAL_PWREx_DisableUCPDDeadBattery
                0x08000e5c       0x20 ./Drivers/STM32G4xx_HAL_Driver/Src/stm32g4xx_hal_pwr_ex.o
                0x08000e5c                HAL_PWREx_DisableUCPDDeadBattery
 .text.HAL_RCC_OscConfig
                0x08000e7c      0x624 ./Drivers/STM32G4xx_HAL_Driver/Src/stm32g4xx_hal_rcc.o
                0x08000e7c                HAL_RCC_OscConfig
 .text.HAL_RCC_ClockConfig
                0x080014a0      0x278 ./Drivers/STM32G4xx_HAL_Driver/Src/stm32g4xx_hal_rcc.o
                0x080014a0                HAL_RCC_ClockConfig
 .text.HAL_RCC_GetSysClockFreq
                0x08001718       0xc4 ./Drivers/STM32G4xx_HAL_Driver/Src/stm32g4xx_hal_rcc.o
                0x08001718                HAL_RCC_GetSysClockFreq
 .text.HAL_RCC_GetHCLKFreq
                0x080017dc       0x18 ./Drivers/STM32G4xx_HAL_Driver/Src/stm32g4xx_hal_rcc.o
                0x080017dc                HAL_RCC_GetHCLKFreq
 .text.HAL_RCC_GetPCLK1Freq
                0x080017f4       0x2c ./Drivers/STM32G4xx_HAL_Driver/Src/stm32g4xx_hal_rcc.o
                0x080017f4                HAL_RCC_GetPCLK1Freq
 .text.HAL_RCC_GetPCLK2Freq
                0x08001820       0x2c ./Drivers/STM32G4xx_HAL_Driver/Src/stm32g4xx_hal_rcc.o
                0x08001820                HAL_RCC_GetPCLK2Freq
 .text.RCC_GetSysClockFreqFromPLLSource
                0x0800184c       0x8c ./Drivers/STM32G4xx_HAL_Driver/Src/stm32g4xx_hal_rcc.o
 .text.HAL_RCCEx_PeriphCLKConfig
                0x080018d8      0x49c ./Drivers/STM32G4xx_HAL_Driver/Src/stm32g4xx_hal_rcc_ex.o
                0x080018d8                HAL_RCCEx_PeriphCLKConfig
 .text.HAL_TIM_Base_Init
                0x08001d74       0xae ./Drivers/STM32G4xx_HAL_Driver/Src/stm32g4xx_hal_tim.o
                0x08001d74                HAL_TIM_Base_Init
 .text.HAL_TIM_PWM_Init
                0x08001e22       0xae ./Drivers/STM32G4xx_HAL_Driver/Src/stm32g4xx_hal_tim.o
                0x08001e22                HAL_TIM_PWM_Init
 .text.HAL_TIM_Encoder_Init
                0x08001ed0      0x14c ./Drivers/STM32G4xx_HAL_Driver/Src/stm32g4xx_hal_tim.o
                0x08001ed0                HAL_TIM_Encoder_Init
 .text.HAL_TIM_IRQHandler
                0x0800201c      0x29e ./Drivers/STM32G4xx_HAL_Driver/Src/stm32g4xx_hal_tim.o
                0x0800201c                HAL_TIM_IRQHandler
 *fill*         0x080022ba        0x2 
 .text.HAL_TIM_PWM_ConfigChannel
                0x080022bc      0x228 ./Drivers/STM32G4xx_HAL_Driver/Src/stm32g4xx_hal_tim.o
                0x080022bc                HAL_TIM_PWM_ConfigChannel
 .text.HAL_TIM_PeriodElapsedCallback
                0x080024e4       0x14 ./Drivers/STM32G4xx_HAL_Driver/Src/stm32g4xx_hal_tim.o
                0x080024e4                HAL_TIM_PeriodElapsedCallback
 .text.HAL_TIM_OC_DelayElapsedCallback
                0x080024f8       0x14 ./Drivers/STM32G4xx_HAL_Driver/Src/stm32g4xx_hal_tim.o
                0x080024f8                HAL_TIM_OC_DelayElapsedCallback
 .text.HAL_TIM_IC_CaptureCallback
                0x0800250c       0x14 ./Drivers/STM32G4xx_HAL_Driver/Src/stm32g4xx_hal_tim.o
                0x0800250c                HAL_TIM_IC_CaptureCallback
 .text.HAL_TIM_PWM_PulseFinishedCallback
                0x08002520       0x14 ./Drivers/STM32G4xx_HAL_Driver/Src/stm32g4xx_hal_tim.o
                0x08002520                HAL_TIM_PWM_PulseFinishedCallback
 .text.HAL_TIM_TriggerCallback
                0x08002534       0x14 ./Drivers/STM32G4xx_HAL_Driver/Src/stm32g4xx_hal_tim.o
                0x08002534                HAL_TIM_TriggerCallback
 .text.TIM_Base_SetConfig
                0x08002548      0x15c ./Drivers/STM32G4xx_HAL_Driver/Src/stm32g4xx_hal_tim.o
                0x08002548                TIM_Base_SetConfig
 .text.TIM_OC1_SetConfig
                0x080026a4      0x138 ./Drivers/STM32G4xx_HAL_Driver/Src/stm32g4xx_hal_tim.o
 .text.TIM_OC2_SetConfig
                0x080027dc      0x12c ./Drivers/STM32G4xx_HAL_Driver/Src/stm32g4xx_hal_tim.o
                0x080027dc                TIM_OC2_SetConfig
 .text.TIM_OC3_SetConfig
                0x08002908      0x128 ./Drivers/STM32G4xx_HAL_Driver/Src/stm32g4xx_hal_tim.o
 .text.TIM_OC4_SetConfig
                0x08002a30      0x12c ./Drivers/STM32G4xx_HAL_Driver/Src/stm32g4xx_hal_tim.o
 .text.TIM_OC5_SetConfig
                0x08002b5c       0xd4 ./Drivers/STM32G4xx_HAL_Driver/Src/stm32g4xx_hal_tim.o
 .text.TIM_OC6_SetConfig
                0x08002c30       0xd8 ./Drivers/STM32G4xx_HAL_Driver/Src/stm32g4xx_hal_tim.o
 .text.HAL_TIMEx_MasterConfigSynchronization
                0x08002d08      0x12c ./Drivers/STM32G4xx_HAL_Driver/Src/stm32g4xx_hal_tim_ex.o
                0x08002d08                HAL_TIMEx_MasterConfigSynchronization
 .text.HAL_TIMEx_ConfigBreakDeadTime
                0x08002e34      0x128 ./Drivers/STM32G4xx_HAL_Driver/Src/stm32g4xx_hal_tim_ex.o
                0x08002e34                HAL_TIMEx_ConfigBreakDeadTime
 .text.HAL_TIMEx_CommutCallback
                0x08002f5c       0x14 ./Drivers/STM32G4xx_HAL_Driver/Src/stm32g4xx_hal_tim_ex.o
                0x08002f5c                HAL_TIMEx_CommutCallback
 .text.HAL_TIMEx_BreakCallback
                0x08002f70       0x14 ./Drivers/STM32G4xx_HAL_Driver/Src/stm32g4xx_hal_tim_ex.o
                0x08002f70                HAL_TIMEx_BreakCallback
 .text.HAL_TIMEx_Break2Callback
                0x08002f84       0x14 ./Drivers/STM32G4xx_HAL_Driver/Src/stm32g4xx_hal_tim_ex.o
                0x08002f84                HAL_TIMEx_Break2Callback
 .text.HAL_TIMEx_EncoderIndexCallback
                0x08002f98       0x14 ./Drivers/STM32G4xx_HAL_Driver/Src/stm32g4xx_hal_tim_ex.o
                0x08002f98                HAL_TIMEx_EncoderIndexCallback
 .text.HAL_TIMEx_DirectionChangeCallback
                0x08002fac       0x14 ./Drivers/STM32G4xx_HAL_Driver/Src/stm32g4xx_hal_tim_ex.o
                0x08002fac                HAL_TIMEx_DirectionChangeCallback
 .text.HAL_TIMEx_IndexErrorCallback
                0x08002fc0       0x14 ./Drivers/STM32G4xx_HAL_Driver/Src/stm32g4xx_hal_tim_ex.o
                0x08002fc0                HAL_TIMEx_IndexErrorCallback
 .text.HAL_TIMEx_TransitionErrorCallback
                0x08002fd4       0x14 ./Drivers/STM32G4xx_HAL_Driver/Src/stm32g4xx_hal_tim_ex.o
                0x08002fd4                HAL_TIMEx_TransitionErrorCallback
 .text.HAL_UART_Init
                0x08002fe8       0xa0 ./Drivers/STM32G4xx_HAL_Driver/Src/stm32g4xx_hal_uart.o
                0x08002fe8                HAL_UART_Init
 .text.HAL_UART_IRQHandler
                0x08003088      0x684 ./Drivers/STM32G4xx_HAL_Driver/Src/stm32g4xx_hal_uart.o
                0x08003088                HAL_UART_IRQHandler
 .text.HAL_UART_TxCpltCallback
                0x0800370c       0x14 ./Drivers/STM32G4xx_HAL_Driver/Src/stm32g4xx_hal_uart.o
                0x0800370c                HAL_UART_TxCpltCallback
 .text.HAL_UART_ErrorCallback
                0x08003720       0x14 ./Drivers/STM32G4xx_HAL_Driver/Src/stm32g4xx_hal_uart.o
                0x08003720                HAL_UART_ErrorCallback
 .text.HAL_UARTEx_RxEventCallback
                0x08003734       0x18 ./Drivers/STM32G4xx_HAL_Driver/Src/stm32g4xx_hal_uart.o
                0x08003734                HAL_UARTEx_RxEventCallback
 .text.UART_SetConfig
                0x0800374c      0x5f8 ./Drivers/STM32G4xx_HAL_Driver/Src/stm32g4xx_hal_uart.o
                0x0800374c                UART_SetConfig
 .text.UART_AdvFeatureConfig
                0x08003d44      0x144 ./Drivers/STM32G4xx_HAL_Driver/Src/stm32g4xx_hal_uart.o
                0x08003d44                UART_AdvFeatureConfig
 .text.UART_CheckIdleState
                0x08003e88      0x154 ./Drivers/STM32G4xx_HAL_Driver/Src/stm32g4xx_hal_uart.o
                0x08003e88                UART_CheckIdleState
 .text.UART_WaitOnFlagUntilTimeout
                0x08003fdc       0xda ./Drivers/STM32G4xx_HAL_Driver/Src/stm32g4xx_hal_uart.o
                0x08003fdc                UART_WaitOnFlagUntilTimeout
 .text.UART_EndRxTransfer
                0x080040b6       0xcc ./Drivers/STM32G4xx_HAL_Driver/Src/stm32g4xx_hal_uart.o
 .text.UART_DMAAbortOnError
                0x08004182       0x1c ./Drivers/STM32G4xx_HAL_Driver/Src/stm32g4xx_hal_uart.o
 .text.UART_EndTransmit_IT
                0x0800419e       0x56 ./Drivers/STM32G4xx_HAL_Driver/Src/stm32g4xx_hal_uart.o
 .text.HAL_UARTEx_WakeupCallback
                0x080041f4       0x14 ./Drivers/STM32G4xx_HAL_Driver/Src/stm32g4xx_hal_uart_ex.o
                0x080041f4                HAL_UARTEx_WakeupCallback
 .text.HAL_UARTEx_RxFifoFullCallback
                0x08004208       0x14 ./Drivers/STM32G4xx_HAL_Driver/Src/stm32g4xx_hal_uart_ex.o
                0x08004208                HAL_UARTEx_RxFifoFullCallback
 .text.HAL_UARTEx_TxFifoEmptyCallback
                0x0800421c       0x14 ./Drivers/STM32G4xx_HAL_Driver/Src/stm32g4xx_hal_uart_ex.o
                0x0800421c                HAL_UARTEx_TxFifoEmptyCallback
 .text.HAL_UARTEx_DisableFifoMode
                0x08004230       0x72 ./Drivers/STM32G4xx_HAL_Driver/Src/stm32g4xx_hal_uart_ex.o
                0x08004230                HAL_UARTEx_DisableFifoMode
 .text.HAL_UARTEx_SetTxFifoThreshold
                0x080042a2       0x7c ./Drivers/STM32G4xx_HAL_Driver/Src/stm32g4xx_hal_uart_ex.o
                0x080042a2                HAL_UARTEx_SetTxFifoThreshold
 .text.HAL_UARTEx_SetRxFifoThreshold
                0x0800431e       0x7c ./Drivers/STM32G4xx_HAL_Driver/Src/stm32g4xx_hal_uart_ex.o
                0x0800431e                HAL_UARTEx_SetRxFifoThreshold
 *fill*         0x0800439a        0x2 
 .text.UARTEx_SetNbDataToProcess
                0x0800439c       0x9c ./Drivers/STM32G4xx_HAL_Driver/Src/stm32g4xx_hal_uart_ex.o
 .text.main     0x08004438       0x2c ./Src/main.o
                0x08004438                main
 .text.SystemClock_Config
                0x08004464       0x96 ./Src/main.o
                0x08004464                SystemClock_Config
 *fill*         0x080044fa        0x2 
 .text.MX_LPUART1_UART_Init
                0x080044fc       0x98 ./Src/main.o
 .text.MX_USART3_UART_Init
                0x08004594       0x98 ./Src/main.o
 .text.MX_TIM3_Init
                0x0800462c       0xac ./Src/main.o
 .text.MX_TIM6_Init
                0x080046d8       0x6c ./Src/main.o
 .text.MX_TIM8_Init
                0x08004744      0x124 ./Src/main.o
 .text.MX_TIM16_Init
                0x08004868       0x4c ./Src/main.o
 .text.MX_GPIO_Init
                0x080048b4       0xf0 ./Src/main.o
 .text.Error_Handler
                0x080049a4        0xc ./Src/main.o
                0x080049a4                Error_Handler
 .text.HAL_MspInit
                0x080049b0       0x48 ./Src/stm32g4xx_hal_msp.o
                0x080049b0                HAL_MspInit
 .text.HAL_UART_MspInit
                0x080049f8      0x154 ./Src/stm32g4xx_hal_msp.o
                0x080049f8                HAL_UART_MspInit
 .text.HAL_TIM_Encoder_MspInit
                0x08004b4c       0x84 ./Src/stm32g4xx_hal_msp.o
                0x08004b4c                HAL_TIM_Encoder_MspInit
 .text.HAL_TIM_Base_MspInit
                0x08004bd0       0x84 ./Src/stm32g4xx_hal_msp.o
                0x08004bd0                HAL_TIM_Base_MspInit
 .text.HAL_TIM_PWM_MspInit
                0x08004c54       0x40 ./Src/stm32g4xx_hal_msp.o
                0x08004c54                HAL_TIM_PWM_MspInit
 .text.HAL_TIM_MspPostInit
                0x08004c94       0x70 ./Src/stm32g4xx_hal_msp.o
                0x08004c94                HAL_TIM_MspPostInit
 .text.NMI_Handler
                0x08004d04        0x8 ./Src/stm32g4xx_it.o
                0x08004d04                NMI_Handler
 .text.HardFault_Handler
                0x08004d0c        0x8 ./Src/stm32g4xx_it.o
                0x08004d0c                HardFault_Handler
 .text.MemManage_Handler
                0x08004d14        0x8 ./Src/stm32g4xx_it.o
                0x08004d14                MemManage_Handler
 .text.BusFault_Handler
                0x08004d1c        0x8 ./Src/stm32g4xx_it.o
                0x08004d1c                BusFault_Handler
 .text.UsageFault_Handler
                0x08004d24        0x8 ./Src/stm32g4xx_it.o
                0x08004d24                UsageFault_Handler
 .text.SVC_Handler
                0x08004d2c        0xe ./Src/stm32g4xx_it.o
                0x08004d2c                SVC_Handler
 .text.DebugMon_Handler
                0x08004d3a        0xe ./Src/stm32g4xx_it.o
                0x08004d3a                DebugMon_Handler
 .text.PendSV_Handler
                0x08004d48        0xe ./Src/stm32g4xx_it.o
                0x08004d48                PendSV_Handler
 .text.SysTick_Handler
                0x08004d56        0xc ./Src/stm32g4xx_it.o
                0x08004d56                SysTick_Handler
 *fill*         0x08004d62        0x2 
 .text.TIM1_UP_TIM16_IRQHandler
                0x08004d64       0x14 ./Src/stm32g4xx_it.o
                0x08004d64                TIM1_UP_TIM16_IRQHandler
 .text.USART3_IRQHandler
                0x08004d78       0x14 ./Src/stm32g4xx_it.o
                0x08004d78                USART3_IRQHandler
 .text.TIM6_DAC_IRQHandler
                0x08004d8c       0x14 ./Src/stm32g4xx_it.o
                0x08004d8c                TIM6_DAC_IRQHandler
 .text.LPUART1_IRQHandler
                0x08004da0       0x14 ./Src/stm32g4xx_it.o
                0x08004da0                LPUART1_IRQHandler
 .text.SystemInit
                0x08004db4       0x24 ./Src/system_stm32g4xx.o
                0x08004db4                SystemInit
 .text.Reset_Handler
                0x08004dd8       0x50 ./Startup/startup_stm32g474retx.o
                0x08004dd8                Reset_Handler
 .text.Default_Handler
                0x08004e28        0x2 ./Startup/startup_stm32g474retx.o
                0x08004e28                TIM1_BRK_TIM15_IRQHandler
                0x08004e28                EXTI2_IRQHandler
                0x08004e28                TIM8_TRG_COM_IRQHandler
                0x08004e28                TIM8_CC_IRQHandler
                0x08004e28                HRTIM1_Master_IRQHandler
                0x08004e28                SPI4_IRQHandler
                0x08004e28                FDCAN3_IT0_IRQHandler
                0x08004e28                TIM1_CC_IRQHandler
                0x08004e28                HRTIM1_FLT_IRQHandler
                0x08004e28                HRTIM1_TIMF_IRQHandler
                0x08004e28                USB_HP_IRQHandler
                0x08004e28                CORDIC_IRQHandler
                0x08004e28                HRTIM1_TIMD_IRQHandler
                0x08004e28                DMA2_Channel8_IRQHandler
                0x08004e28                EXTI3_IRQHandler
                0x08004e28                I2C3_ER_IRQHandler
                0x08004e28                EXTI0_IRQHandler
                0x08004e28                I2C2_EV_IRQHandler
                0x08004e28                FPU_IRQHandler
                0x08004e28                FDCAN1_IT1_IRQHandler
                0x08004e28                ADC1_2_IRQHandler
                0x08004e28                HRTIM1_TIME_IRQHandler
                0x08004e28                SPI1_IRQHandler
                0x08004e28                HRTIM1_TIMC_IRQHandler
                0x08004e28                TIM8_UP_IRQHandler
                0x08004e28                DMA2_Channel2_IRQHandler
                0x08004e28                DMA1_Channel4_IRQHandler
                0x08004e28                TIM20_TRG_COM_IRQHandler
                0x08004e28                DMA1_Channel7_IRQHandler
                0x08004e28                UART5_IRQHandler
                0x08004e28                ADC3_IRQHandler
                0x08004e28                TIM4_IRQHandler
                0x08004e28                DMA2_Channel1_IRQHandler
                0x08004e28                QUADSPI_IRQHandler
                0x08004e28                I2C1_EV_IRQHandler
                0x08004e28                DMA1_Channel6_IRQHandler
                0x08004e28                UART4_IRQHandler
                0x08004e28                DMA2_Channel4_IRQHandler
                0x08004e28                TIM3_IRQHandler
                0x08004e28                RCC_IRQHandler
                0x08004e28                TIM20_UP_IRQHandler
                0x08004e28                DMA1_Channel1_IRQHandler
                0x08004e28                Default_Handler
                0x08004e28                DMA2_Channel7_IRQHandler
                0x08004e28                RTC_TAMP_LSECSS_IRQHandler
                0x08004e28                FMAC_IRQHandler
                0x08004e28                EXTI15_10_IRQHandler
                0x08004e28                DMA1_Channel8_IRQHandler
                0x08004e28                HRTIM1_TIMA_IRQHandler
                0x08004e28                TIM7_DAC_IRQHandler
                0x08004e28                FDCAN3_IT1_IRQHandler
                0x08004e28                TIM5_IRQHandler
                0x08004e28                UCPD1_IRQHandler
                0x08004e28                I2C3_EV_IRQHandler
                0x08004e28                EXTI9_5_IRQHandler
                0x08004e28                RTC_WKUP_IRQHandler
                0x08004e28                PVD_PVM_IRQHandler
                0x08004e28                SPI2_IRQHandler
                0x08004e28                ADC5_IRQHandler
                0x08004e28                DMA2_Channel5_IRQHandler
                0x08004e28                CRS_IRQHandler
                0x08004e28                DMA1_Channel5_IRQHandler
                0x08004e28                USB_LP_IRQHandler
                0x08004e28                EXTI4_IRQHandler
                0x08004e28                RNG_IRQHandler
                0x08004e28                HRTIM1_TIMB_IRQHandler
                0x08004e28                TIM1_TRG_COM_TIM17_IRQHandler
                0x08004e28                FDCAN2_IT1_IRQHandler
                0x08004e28                DMA1_Channel3_IRQHandler
                0x08004e28                ADC4_IRQHandler
                0x08004e28                WWDG_IRQHandler
                0x08004e28                I2C4_EV_IRQHandler
                0x08004e28                FDCAN2_IT0_IRQHandler
                0x08004e28                DMA2_Channel6_IRQHandler
                0x08004e28                FDCAN1_IT0_IRQHandler
                0x08004e28                TIM2_IRQHandler
                0x08004e28                COMP7_IRQHandler
                0x08004e28                COMP1_2_3_IRQHandler
                0x08004e28                EXTI1_IRQHandler
                0x08004e28                USART2_IRQHandler
                0x08004e28                COMP4_5_6_IRQHandler
                0x08004e28                TIM20_BRK_IRQHandler
                0x08004e28                I2C2_ER_IRQHandler
                0x08004e28                DMA1_Channel2_IRQHandler
                0x08004e28                TIM8_BRK_IRQHandler
                0x08004e28                FLASH_IRQHandler
                0x08004e28                TIM20_CC_IRQHandler
                0x08004e28                USART1_IRQHandler
                0x08004e28                SPI3_IRQHandler
                0x08004e28                I2C1_ER_IRQHandler
                0x08004e28                FMC_IRQHandler
                0x08004e28                LPTIM1_IRQHandler
                0x08004e28                DMAMUX_OVR_IRQHandler
                0x08004e28                I2C4_ER_IRQHandler
                0x08004e28                USBWakeUp_IRQHandler
                0x08004e28                SAI1_IRQHandler
                0x08004e28                DMA2_Channel3_IRQHandler
                0x08004e28                RTC_Alarm_IRQHandler
 .text.memset   0x08004e2a       0x10 /Applications/STM32CubeIDE.app/Contents/Eclipse/plugins/com.st.stm32cube.ide.mcu.externaltools.gnu-tools-for-stm32.14.3.rel1.macosaarch64_1.0.0.202602081740/tools/bin/../lib/gcc/arm-none-eabi/14.3.1/../../../../arm-none-eabi/lib/thumb/v7e-m+fp/hard/libc_nano.a(libc_a-memset.o)
                0x08004e2a                memset
 *fill*         0x08004e3a        0x2 
 .text.__libc_init_array
                0x08004e3c       0x48 /Applications/STM32CubeIDE.app/Contents/Eclipse/plugins/com.st.stm32cube.ide.mcu.externaltools.gnu-tools-for-stm32.14.3.rel1.macosaarch64_1.0.0.202602081740/tools/bin/../lib/gcc/arm-none-eabi/14.3.1/../../../../arm-none-eabi/lib/thumb/v7e-m+fp/hard/libc_nano.a(libc_a-init.o)
                0x08004e3c                __libc_init_array
 *(.glue_7)
 .glue_7        0x08004e84        0x0 linker stubs
 *(.glue_7t)
 .glue_7t       0x08004e84        0x0 linker stubs
 *(.eh_frame)
 .eh_frame      0x08004e84        0x0 /Applications/STM32CubeIDE.app/Contents/Eclipse/plugins/com.st.stm32cube.ide.mcu.externaltools.gnu-tools-for-stm32.14.3.rel1.macosaarch64_1.0.0.202602081740/tools/bin/../lib/gcc/arm-none-eabi/14.3.1/thumb/v7e-m+fp/hard/crtbegin.o
 *(.init)
 .init          0x08004e84        0x4 /Applications/STM32CubeIDE.app/Contents/Eclipse/plugins/com.st.stm32cube.ide.mcu.externaltools.gnu-tools-for-stm32.14.3.rel1.macosaarch64_1.0.0.202602081740/tools/bin/../lib/gcc/arm-none-eabi/14.3.1/thumb/v7e-m+fp/hard/crti.o
                0x08004e84                _init
 .init          0x08004e88        0x8 /Applications/STM32CubeIDE.app/Contents/Eclipse/plugins/com.st.stm32cube.ide.mcu.externaltools.gnu-tools-for-stm32.14.3.rel1.macosaarch64_1.0.0.202602081740/tools/bin/../lib/gcc/arm-none-eabi/14.3.1/thumb/v7e-m+fp/hard/crtn.o
 *(.fini)
 .fini          0x08004e90        0x4 /Applications/STM32CubeIDE.app/Contents/Eclipse/plugins/com.st.stm32cube.ide.mcu.externaltools.gnu-tools-for-stm32.14.3.rel1.macosaarch64_1.0.0.202602081740/tools/bin/../lib/gcc/arm-none-eabi/14.3.1/thumb/v7e-m+fp/hard/crti.o
                0x08004e90                _fini
 .fini          0x08004e94        0x8 /Applications/STM32CubeIDE.app/Contents/Eclipse/plugins/com.st.stm32cube.ide.mcu.externaltools.gnu-tools-for-stm32.14.3.rel1.macosaarch64_1.0.0.202602081740/tools/bin/../lib/gcc/arm-none-eabi/14.3.1/thumb/v7e-m+fp/hard/crtn.o
                0x08004e9c                        . = ALIGN (0x4)
                0x08004e9c                        _etext = .

.vfp11_veneer   0x08004e9c        0x0
 .vfp11_veneer  0x08004e9c        0x0 linker stubs

.v4_bx          0x08004e9c        0x0
 .v4_bx         0x08004e9c        0x0 linker stubs

.iplt           0x08004e9c        0x0
 .iplt          0x08004e9c        0x0 /Applications/STM32CubeIDE.app/Contents/Eclipse/plugins/com.st.stm32cube.ide.mcu.externaltools.gnu-tools-for-stm32.14.3.rel1.macosaarch64_1.0.0.202602081740/tools/bin/../lib/gcc/arm-none-eabi/14.3.1/thumb/v7e-m+fp/hard/crtbegin.o

.rodata         0x08004e9c       0x40
                0x08004e9c                        . = ALIGN (0x4)
 *(.rodata)
 *(.rodata*)
 .rodata.UARTPrescTable
                0x08004e9c       0x18 ./Drivers/STM32G4xx_HAL_Driver/Src/stm32g4xx_hal_uart.o
                0x08004e9c                UARTPrescTable
 .rodata.numerator.1
                0x08004eb4        0x8 ./Drivers/STM32G4xx_HAL_Driver/Src/stm32g4xx_hal_uart_ex.o
 .rodata.denominator.0
                0x08004ebc        0x8 ./Drivers/STM32G4xx_HAL_Driver/Src/stm32g4xx_hal_uart_ex.o
 .rodata.AHBPrescTable
                0x08004ec4       0x10 ./Src/system_stm32g4xx.o
                0x08004ec4                AHBPrescTable
 .rodata.APBPrescTable
                0x08004ed4        0x8 ./Src/system_stm32g4xx.o
                0x08004ed4                APBPrescTable
                0x08004edc                        . = ALIGN (0x4)

.ARM.extab      0x08004edc        0x0
                0x08004edc                        . = ALIGN (0x4)
 *(.ARM.extab* .gnu.linkonce.armextab.*)
                0x08004edc                        . = ALIGN (0x4)

.ARM            0x08004edc        0x8
                0x08004edc                        . = ALIGN (0x4)
                0x08004edc                        __exidx_start = .
 *(.ARM.exidx*)
 .ARM.exidx     0x08004edc        0x8 /Applications/STM32CubeIDE.app/Contents/Eclipse/plugins/com.st.stm32cube.ide.mcu.externaltools.gnu-tools-for-stm32.14.3.rel1.macosaarch64_1.0.0.202602081740/tools/bin/../lib/gcc/arm-none-eabi/14.3.1/thumb/v7e-m+fp/hard/libgcc.a(_udivmoddi4.o)
                0x08004ee4                        __exidx_end = .
                0x08004ee4                        . = ALIGN (0x4)

.preinit_array  0x08004ee4        0x0
                0x08004ee4                        . = ALIGN (0x4)
                0x08004ee4                        PROVIDE (__preinit_array_start = .)
 *(.preinit_array*)
                0x08004ee4                        PROVIDE (__preinit_array_end = .)
                0x08004ee4                        . = ALIGN (0x4)

.init_array     0x08004ee4        0x4
                0x08004ee4                        . = ALIGN (0x4)
                0x08004ee4                        PROVIDE (__init_array_start = .)
 *(SORT_BY_NAME(.init_array.*))
 *(.init_array*)
 .init_array    0x08004ee4        0x4 /Applications/STM32CubeIDE.app/Contents/Eclipse/plugins/com.st.stm32cube.ide.mcu.externaltools.gnu-tools-for-stm32.14.3.rel1.macosaarch64_1.0.0.202602081740/tools/bin/../lib/gcc/arm-none-eabi/14.3.1/thumb/v7e-m+fp/hard/crtbegin.o
                0x08004ee8                        PROVIDE (__init_array_end = .)
                0x08004ee8                        . = ALIGN (0x4)

.fini_array     0x08004ee8        0x4
                0x08004ee8                        . = ALIGN (0x4)
                [!provide]                        PROVIDE (__fini_array_start = .)
 *(SORT_BY_NAME(.fini_array.*))
 *(.fini_array*)
 .fini_array    0x08004ee8        0x4 /Applications/STM32CubeIDE.app/Contents/Eclipse/plugins/com.st.stm32cube.ide.mcu.externaltools.gnu-tools-for-stm32.14.3.rel1.macosaarch64_1.0.0.202602081740/tools/bin/../lib/gcc/arm-none-eabi/14.3.1/thumb/v7e-m+fp/hard/crtbegin.o
                [!provide]                        PROVIDE (__fini_array_end = .)
                0x08004eec                        . = ALIGN (0x4)
                0x08004eec                        _sidata = LOADADDR (.data)

.rel.dyn        0x08004eec        0x0
 .rel.iplt      0x08004eec        0x0 /Applications/STM32CubeIDE.app/Contents/Eclipse/plugins/com.st.stm32cube.ide.mcu.externaltools.gnu-tools-for-stm32.14.3.rel1.macosaarch64_1.0.0.202602081740/tools/bin/../lib/gcc/arm-none-eabi/14.3.1/thumb/v7e-m+fp/hard/crtbegin.o

.data           0x20000000        0xc load address 0x08004eec
                0x20000000                        . = ALIGN (0x4)
                0x20000000                        _sdata = .
 *(.data)
 *(.data*)
 .data.uwTickPrio
                0x20000000        0x4 ./Drivers/STM32G4xx_HAL_Driver/Src/stm32g4xx_hal.o
                0x20000000                uwTickPrio
 .data.uwTickFreq
                0x20000004        0x4 ./Drivers/STM32G4xx_HAL_Driver/Src/stm32g4xx_hal.o
                0x20000004                uwTickFreq
 .data.SystemCoreClock
                0x20000008        0x4 ./Src/system_stm32g4xx.o
                0x20000008                SystemCoreClock
 *(.RamFunc)
 *(.RamFunc*)
                0x2000000c                        . = ALIGN (0x4)
                0x2000000c                        _edata = .

.igot.plt       0x2000000c        0x0 load address 0x08004ef8
 .igot.plt      0x2000000c        0x0 /Applications/STM32CubeIDE.app/Contents/Eclipse/plugins/com.st.stm32cube.ide.mcu.externaltools.gnu-tools-for-stm32.14.3.rel1.macosaarch64_1.0.0.202602081740/tools/bin/../lib/gcc/arm-none-eabi/14.3.1/thumb/v7e-m+fp/hard/crtbegin.o
                0x2000000c                        . = ALIGN (0x4)

.bss            0x2000000c      0x278 load address 0x08004ef8
                0x2000000c                        _sbss = .
                0x2000000c                        __bss_start__ = _sbss
 *(.bss)
 .bss           0x2000000c       0x1c /Applications/STM32CubeIDE.app/Contents/Eclipse/plugins/com.st.stm32cube.ide.mcu.externaltools.gnu-tools-for-stm32.14.3.rel1.macosaarch64_1.0.0.202602081740/tools/bin/../lib/gcc/arm-none-eabi/14.3.1/thumb/v7e-m+fp/hard/crtbegin.o
 *(.bss*)
 .bss.uwTick    0x20000028        0x4 ./Drivers/STM32G4xx_HAL_Driver/Src/stm32g4xx_hal.o
                0x20000028                uwTick
 .bss.hlpuart1  0x2000002c       0x94 ./Src/main.o
                0x2000002c                hlpuart1
 .bss.huart3    0x200000c0       0x94 ./Src/main.o
                0x200000c0                huart3
 .bss.htim3     0x20000154       0x4c ./Src/main.o
                0x20000154                htim3
 .bss.htim6     0x200001a0       0x4c ./Src/main.o
                0x200001a0                htim6
 .bss.htim8     0x200001ec       0x4c ./Src/main.o
                0x200001ec                htim8
 .bss.htim16    0x20000238       0x4c ./Src/main.o
                0x20000238                htim16
 *(COMMON)
                0x20000284                        . = ALIGN (0x4)
                0x20000284                        _ebss = .
                0x20000284                        __bss_end__ = _ebss

._user_heap_stack
                0x20000284      0x604 load address 0x08004ef8
                0x20000288                        . = ALIGN (0x8)
 *fill*         0x20000284        0x4 
                [!provide]                        PROVIDE (end = .)
                0x20000288                        PROVIDE (_end = .)
                0x20000488                        . = (. + _Min_Heap_Size)
 *fill*         0x20000288      0x200 
                0x20000888                        . = (. + _Min_Stack_Size)
 *fill*         0x20000488      0x400 
                0x20000888                        . = ALIGN (0x8)

/DISCARD/
 libc.a(*)
 libm.a(*)
 libgcc.a(*)

.ARM.attributes
                0x00000000       0x30
 *(.ARM.attributes)
 .ARM.attributes
                0x00000000       0x22 /Applications/STM32CubeIDE.app/Contents/Eclipse/plugins/com.st.stm32cube.ide.mcu.externaltools.gnu-tools-for-stm32.14.3.rel1.macosaarch64_1.0.0.202602081740/tools/bin/../lib/gcc/arm-none-eabi/14.3.1/thumb/v7e-m+fp/hard/crti.o
 .ARM.attributes
                0x00000022       0x34 /Applications/STM32CubeIDE.app/Contents/Eclipse/plugins/com.st.stm32cube.ide.mcu.externaltools.gnu-tools-for-stm32.14.3.rel1.macosaarch64_1.0.0.202602081740/tools/bin/../lib/gcc/arm-none-eabi/14.3.1/thumb/v7e-m+fp/hard/crtbegin.o
 .ARM.attributes
                0x00000056       0x34 ./Drivers/STM32G4xx_HAL_Driver/Src/stm32g4xx_hal.o
 .ARM.attributes
                0x0000008a       0x34 ./Drivers/STM32G4xx_HAL_Driver/Src/stm32g4xx_hal_cortex.o
 .ARM.attributes
                0x000000be       0x34 ./Drivers/STM32G4xx_HAL_Driver/Src/stm32g4xx_hal_dma.o
 .ARM.attributes
                0x000000f2       0x34 ./Drivers/STM32G4xx_HAL_Driver/Src/stm32g4xx_hal_gpio.o
 .ARM.attributes
                0x00000126       0x34 ./Drivers/STM32G4xx_HAL_Driver/Src/stm32g4xx_hal_pwr_ex.o
 .ARM.attributes
                0x0000015a       0x34 ./Drivers/STM32G4xx_HAL_Driver/Src/stm32g4xx_hal_rcc.o
 .ARM.attributes
                0x0000018e       0x34 ./Drivers/STM32G4xx_HAL_Driver/Src/stm32g4xx_hal_rcc_ex.o
 .ARM.attributes
                0x000001c2       0x34 ./Drivers/STM32G4xx_HAL_Driver/Src/stm32g4xx_hal_tim.o
 .ARM.attributes
                0x000001f6       0x34 ./Drivers/STM32G4xx_HAL_Driver/Src/stm32g4xx_hal_tim_ex.o
 .ARM.attributes
                0x0000022a       0x34 ./Drivers/STM32G4xx_HAL_Driver/Src/stm32g4xx_hal_uart.o
 .ARM.attributes
                0x0000025e       0x34 ./Drivers/STM32G4xx_HAL_Driver/Src/stm32g4xx_hal_uart_ex.o
 .ARM.attributes
                0x00000292       0x34 ./Src/main.o
 .ARM.attributes
                0x000002c6       0x34 ./Src/stm32g4xx_hal_msp.o
 .ARM.attributes
                0x000002fa       0x34 ./Src/stm32g4xx_it.o
 .ARM.attributes
                0x0000032e       0x34 ./Src/system_stm32g4xx.o
 .ARM.attributes
                0x00000362       0x21 ./Startup/startup_stm32g474retx.o
 .ARM.attributes
                0x00000383       0x34 /Applications/STM32CubeIDE.app/Contents/Eclipse/plugins/com.st.stm32cube.ide.mcu.externaltools.gnu-tools-for-stm32.14.3.rel1.macosaarch64_1.0.0.202602081740/tools/bin/../lib/gcc/arm-none-eabi/14.3.1/../../../../arm-none-eabi/lib/thumb/v7e-m+fp/hard/libc_nano.a(libc_a-memset.o)
 .ARM.attributes
                0x000003b7       0x34 /Applications/STM32CubeIDE.app/Contents/Eclipse/plugins/com.st.stm32cube.ide.mcu.externaltools.gnu-tools-for-stm32.14.3.rel1.macosaarch64_1.0.0.202602081740/tools/bin/../lib/gcc/arm-none-eabi/14.3.1/../../../../arm-none-eabi/lib/thumb/v7e-m+fp/hard/libc_nano.a(libc_a-init.o)
 .ARM.attributes
                0x000003eb       0x22 /Applications/STM32CubeIDE.app/Contents/Eclipse/plugins/com.st.stm32cube.ide.mcu.externaltools.gnu-tools-for-stm32.14.3.rel1.macosaarch64_1.0.0.202602081740/tools/bin/../lib/gcc/arm-none-eabi/14.3.1/thumb/v7e-m+fp/hard/libgcc.a(_aeabi_uldivmod.o)
 .ARM.attributes
                0x0000040d       0x34 /Applications/STM32CubeIDE.app/Contents/Eclipse/plugins/com.st.stm32cube.ide.mcu.externaltools.gnu-tools-for-stm32.14.3.rel1.macosaarch64_1.0.0.202602081740/tools/bin/../lib/gcc/arm-none-eabi/14.3.1/thumb/v7e-m+fp/hard/libgcc.a(_udivmoddi4.o)
 .ARM.attributes
                0x00000441       0x22 /Applications/STM32CubeIDE.app/Contents/Eclipse/plugins/com.st.stm32cube.ide.mcu.externaltools.gnu-tools-for-stm32.14.3.rel1.macosaarch64_1.0.0.202602081740/tools/bin/../lib/gcc/arm-none-eabi/14.3.1/thumb/v7e-m+fp/hard/libgcc.a(_dvmd_tls.o)
 .ARM.attributes
                0x00000463       0x22 /Applications/STM32CubeIDE.app/Contents/Eclipse/plugins/com.st.stm32cube.ide.mcu.externaltools.gnu-tools-for-stm32.14.3.rel1.macosaarch64_1.0.0.202602081740/tools/bin/../lib/gcc/arm-none-eabi/14.3.1/thumb/v7e-m+fp/hard/crtn.o
OUTPUT(Controller_V2.elf elf32-littlearm)
LOAD linker stubs
LOAD /Applications/STM32CubeIDE.app/Contents/Eclipse/plugins/com.st.stm32cube.ide.mcu.externaltools.gnu-tools-for-stm32.14.3.rel1.macosaarch64_1.0.0.202602081740/tools/bin/../lib/gcc/arm-none-eabi/14.3.1/../../../../arm-none-eabi/lib/thumb/v7e-m+fp/hard/libc.a
LOAD /Applications/STM32CubeIDE.app/Contents/Eclipse/plugins/com.st.stm32cube.ide.mcu.externaltools.gnu-tools-for-stm32.14.3.rel1.macosaarch64_1.0.0.202602081740/tools/bin/../lib/gcc/arm-none-eabi/14.3.1/../../../../arm-none-eabi/lib/thumb/v7e-m+fp/hard/libm.a
LOAD /Applications/STM32CubeIDE.app/Contents/Eclipse/plugins/com.st.stm32cube.ide.mcu.externaltools.gnu-tools-for-stm32.14.3.rel1.macosaarch64_1.0.0.202602081740/tools/bin/../lib/gcc/arm-none-eabi/14.3.1/thumb/v7e-m+fp/hard/libgcc.a

.debug_info     0x00000000    0x12c15
 .debug_info    0x00000000      0xb95 ./Drivers/STM32G4xx_HAL_Driver/Src/stm32g4xx_hal.o
 .debug_info    0x00000b95      0xdf9 ./Drivers/STM32G4xx_HAL_Driver/Src/stm32g4xx_hal_cortex.o
 .debug_info    0x0000198e      0x85f ./Drivers/STM32G4xx_HAL_Driver/Src/stm32g4xx_hal_dma.o
 .debug_info    0x000021ed      0x772 ./Drivers/STM32G4xx_HAL_Driver/Src/stm32g4xx_hal_gpio.o
 .debug_info    0x0000295f      0x944 ./Drivers/STM32G4xx_HAL_Driver/Src/stm32g4xx_hal_pwr_ex.o
 .debug_info    0x000032a3      0xbf9 ./Drivers/STM32G4xx_HAL_Driver/Src/stm32g4xx_hal_rcc.o
 .debug_info    0x00003e9c      0xc5d ./Drivers/STM32G4xx_HAL_Driver/Src/stm32g4xx_hal_rcc_ex.o
 .debug_info    0x00004af9     0x2c52 ./Drivers/STM32G4xx_HAL_Driver/Src/stm32g4xx_hal_tim.o
 .debug_info    0x0000774b     0x1d95 ./Drivers/STM32G4xx_HAL_Driver/Src/stm32g4xx_hal_tim_ex.o
 .debug_info    0x000094e0     0x4854 ./Drivers/STM32G4xx_HAL_Driver/Src/stm32g4xx_hal_uart.o
 .debug_info    0x0000dd34      0xfdc ./Drivers/STM32G4xx_HAL_Driver/Src/stm32g4xx_hal_uart_ex.o
 .debug_info    0x0000ed10     0x1671 ./Src/main.o
 .debug_info    0x00010381     0x1645 ./Src/stm32g4xx_hal_msp.o
 .debug_info    0x000119c6      0xc91 ./Src/stm32g4xx_it.o
 .debug_info    0x00012657      0x58e ./Src/system_stm32g4xx.o
 .debug_info    0x00012be5       0x30 ./Startup/startup_stm32g474retx.o

.debug_abbrev   0x00000000     0x2457
 .debug_abbrev  0x00000000      0x271 ./Drivers/STM32G4xx_HAL_Driver/Src/stm32g4xx_hal.o
 .debug_abbrev  0x00000271      0x31c ./Drivers/STM32G4xx_HAL_Driver/Src/stm32g4xx_hal_cortex.o
 .debug_abbrev  0x0000058d      0x1e2 ./Drivers/STM32G4xx_HAL_Driver/Src/stm32g4xx_hal_dma.o
 .debug_abbrev  0x0000076f      0x1d2 ./Drivers/STM32G4xx_HAL_Driver/Src/stm32g4xx_hal_gpio.o
 .debug_abbrev  0x00000941      0x22c ./Drivers/STM32G4xx_HAL_Driver/Src/stm32g4xx_hal_pwr_ex.o
 .debug_abbrev  0x00000b6d      0x2c9 ./Drivers/STM32G4xx_HAL_Driver/Src/stm32g4xx_hal_rcc.o
 .debug_abbrev  0x00000e36      0x261 ./Drivers/STM32G4xx_HAL_Driver/Src/stm32g4xx_hal_rcc_ex.o
 .debug_abbrev  0x00001097      0x2a7 ./Drivers/STM32G4xx_HAL_Driver/Src/stm32g4xx_hal_tim.o
 .debug_abbrev  0x0000133e      0x2c5 ./Drivers/STM32G4xx_HAL_Driver/Src/stm32g4xx_hal_tim_ex.o
 .debug_abbrev  0x00001603      0x304 ./Drivers/STM32G4xx_HAL_Driver/Src/stm32g4xx_hal_uart.o
 .debug_abbrev  0x00001907      0x2d2 ./Drivers/STM32G4xx_HAL_Driver/Src/stm32g4xx_hal_uart_ex.o
 .debug_abbrev  0x00001bd9      0x2e6 ./Src/main.o
 .debug_abbrev  0x00001ebf      0x28f ./Src/stm32g4xx_hal_msp.o
 .debug_abbrev  0x0000214e      0x1cb ./Src/stm32g4xx_it.o
 .debug_abbrev  0x00002319      0x11a ./Src/system_stm32g4xx.o
 .debug_abbrev  0x00002433       0x24 ./Startup/startup_stm32g474retx.o

.debug_aranges  0x00000000     0x1090
 .debug_aranges
                0x00000000      0x148 ./Drivers/STM32G4xx_HAL_Driver/Src/stm32g4xx_hal.o
 .debug_aranges
                0x00000148      0x128 ./Drivers/STM32G4xx_HAL_Driver/Src/stm32g4xx_hal_cortex.o
 .debug_aranges
                0x00000270       0x90 ./Drivers/STM32G4xx_HAL_Driver/Src/stm32g4xx_hal_dma.o
 .debug_aranges
                0x00000300       0x58 ./Drivers/STM32G4xx_HAL_Driver/Src/stm32g4xx_hal_gpio.o
 .debug_aranges
                0x00000358      0x140 ./Drivers/STM32G4xx_HAL_Driver/Src/stm32g4xx_hal_pwr_ex.o
 .debug_aranges
                0x00000498       0x98 ./Drivers/STM32G4xx_HAL_Driver/Src/stm32g4xx_hal_rcc.o
 .debug_aranges
                0x00000530       0xb0 ./Drivers/STM32G4xx_HAL_Driver/Src/stm32g4xx_hal_rcc_ex.o
 .debug_aranges
                0x000005e0      0x3e0 ./Drivers/STM32G4xx_HAL_Driver/Src/stm32g4xx_hal_tim.o
 .debug_aranges
                0x000009c0      0x240 ./Drivers/STM32G4xx_HAL_Driver/Src/stm32g4xx_hal_tim_ex.o
 .debug_aranges
                0x00000c00      0x248 ./Drivers/STM32G4xx_HAL_Driver/Src/stm32g4xx_hal_uart.o
 .debug_aranges
                0x00000e48       0xa8 ./Drivers/STM32G4xx_HAL_Driver/Src/stm32g4xx_hal_uart_ex.o
 .debug_aranges
                0x00000ef0       0x68 ./Src/main.o
 .debug_aranges
                0x00000f58       0x68 ./Src/stm32g4xx_hal_msp.o
 .debug_aranges
                0x00000fc0       0x80 ./Src/stm32g4xx_it.o
 .debug_aranges
                0x00001040       0x28 ./Src/system_stm32g4xx.o
 .debug_aranges
                0x00001068       0x28 ./Startup/startup_stm32g474retx.o

.debug_rnglists
                0x00000000      0xd00
 .debug_rnglists
                0x00000000       0xf1 ./Drivers/STM32G4xx_HAL_Driver/Src/stm32g4xx_hal.o
 .debug_rnglists
                0x000000f1       0xda ./Drivers/STM32G4xx_HAL_Driver/Src/stm32g4xx_hal_cortex.o
 .debug_rnglists
                0x000001cb       0x72 ./Drivers/STM32G4xx_HAL_Driver/Src/stm32g4xx_hal_dma.o
 .debug_rnglists
                0x0000023d       0x3f ./Drivers/STM32G4xx_HAL_Driver/Src/stm32g4xx_hal_gpio.o
 .debug_rnglists
                0x0000027c       0xf1 ./Drivers/STM32G4xx_HAL_Driver/Src/stm32g4xx_hal_pwr_ex.o
 .debug_rnglists
                0x0000036d       0x74 ./Drivers/STM32G4xx_HAL_Driver/Src/stm32g4xx_hal_rcc.o
 .debug_rnglists
                0x000003e1       0x87 ./Drivers/STM32G4xx_HAL_Driver/Src/stm32g4xx_hal_rcc_ex.o
 .debug_rnglists
                0x00000468      0x32d ./Drivers/STM32G4xx_HAL_Driver/Src/stm32g4xx_hal_tim.o
 .debug_rnglists
                0x00000795      0x1cc ./Drivers/STM32G4xx_HAL_Driver/Src/stm32g4xx_hal_tim_ex.o
 .debug_rnglists
                0x00000961      0x1f7 ./Drivers/STM32G4xx_HAL_Driver/Src/stm32g4xx_hal_uart.o
 .debug_rnglists
                0x00000b58       0x7f ./Drivers/STM32G4xx_HAL_Driver/Src/stm32g4xx_hal_uart_ex.o
 .debug_rnglists
                0x00000bd7       0x4f ./Src/main.o
 .debug_rnglists
                0x00000c26       0x4c ./Src/stm32g4xx_hal_msp.o
 .debug_rnglists
                0x00000c72       0x5b ./Src/stm32g4xx_it.o
 .debug_rnglists
                0x00000ccd       0x1a ./Src/system_stm32g4xx.o
 .debug_rnglists
                0x00000ce7       0x19 ./Startup/startup_stm32g474retx.o

.debug_macro    0x00000000    0x2591f
 .debug_macro   0x00000000      0x21c ./Drivers/STM32G4xx_HAL_Driver/Src/stm32g4xx_hal.o
 .debug_macro   0x0000021c      0xad8 ./Drivers/STM32G4xx_HAL_Driver/Src/stm32g4xx_hal.o
 .debug_macro   0x00000cf4      0x15b ./Drivers/STM32G4xx_HAL_Driver/Src/stm32g4xx_hal.o
 .debug_macro   0x00000e4f       0x2e ./Drivers/STM32G4xx_HAL_Driver/Src/stm32g4xx_hal.o
 .debug_macro   0x00000e7d       0x28 ./Drivers/STM32G4xx_HAL_Driver/Src/stm32g4xx_hal.o
 .debug_macro   0x00000ea5       0x22 ./Drivers/STM32G4xx_HAL_Driver/Src/stm32g4xx_hal.o
 .debug_macro   0x00000ec7       0x8e ./Drivers/STM32G4xx_HAL_Driver/Src/stm32g4xx_hal.o
 .debug_macro   0x00000f55       0x51 ./Drivers/STM32G4xx_HAL_Driver/Src/stm32g4xx_hal.o
 .debug_macro   0x00000fa6      0x103 ./Drivers/STM32G4xx_HAL_Driver/Src/stm32g4xx_hal.o
 .debug_macro   0x000010a9       0x6a ./Drivers/STM32G4xx_HAL_Driver/Src/stm32g4xx_hal.o
 .debug_macro   0x00001113      0x1df ./Drivers/STM32G4xx_HAL_Driver/Src/stm32g4xx_hal.o
 .debug_macro   0x000012f2       0x1c ./Drivers/STM32G4xx_HAL_Driver/Src/stm32g4xx_hal.o
 .debug_macro   0x0000130e       0x22 ./Drivers/STM32G4xx_HAL_Driver/Src/stm32g4xx_hal.o
 .debug_macro   0x00001330       0xfb ./Drivers/STM32G4xx_HAL_Driver/Src/stm32g4xx_hal.o
 .debug_macro   0x0000142b     0x1011 ./Drivers/STM32G4xx_HAL_Driver/Src/stm32g4xx_hal.o
 .debug_macro   0x0000243c      0x11f ./Drivers/STM32G4xx_HAL_Driver/Src/stm32g4xx_hal.o
 .debug_macro   0x0000255b    0x18b8c ./Drivers/STM32G4xx_HAL_Driver/Src/stm32g4xx_hal.o
 .debug_macro   0x0001b0e7       0x6d ./Drivers/STM32G4xx_HAL_Driver/Src/stm32g4xx_hal.o
 .debug_macro   0x0001b154     0x3558 ./Drivers/STM32G4xx_HAL_Driver/Src/stm32g4xx_hal.o
 .debug_macro   0x0001e6ac      0x190 ./Drivers/STM32G4xx_HAL_Driver/Src/stm32g4xx_hal.o
 .debug_macro   0x0001e83c       0x5c ./Drivers/STM32G4xx_HAL_Driver/Src/stm32g4xx_hal.o
 .debug_macro   0x0001e898     0x171f ./Drivers/STM32G4xx_HAL_Driver/Src/stm32g4xx_hal.o
 .debug_macro   0x0001ffb7      0x600 ./Drivers/STM32G4xx_HAL_Driver/Src/stm32g4xx_hal.o
 .debug_macro   0x000205b7      0x1b6 ./Drivers/STM32G4xx_HAL_Driver/Src/stm32g4xx_hal.o
 .debug_macro   0x0002076d      0x34a ./Drivers/STM32G4xx_HAL_Driver/Src/stm32g4xx_hal.o
 .debug_macro   0x00020ab7      0x53c ./Drivers/STM32G4xx_HAL_Driver/Src/stm32g4xx_hal.o
 .debug_macro   0x00020ff3      0x18b ./Drivers/STM32G4xx_HAL_Driver/Src/stm32g4xx_hal.o
 .debug_macro   0x0002117e       0x43 ./Drivers/STM32G4xx_HAL_Driver/Src/stm32g4xx_hal.o
 .debug_macro   0x000211c1      0x23d ./Drivers/STM32G4xx_HAL_Driver/Src/stm32g4xx_hal.o
 .debug_macro   0x000213fe      0x211 ./Drivers/STM32G4xx_HAL_Driver/Src/stm32g4xx_hal.o
 .debug_macro   0x0002160f      0x45c ./Drivers/STM32G4xx_HAL_Driver/Src/stm32g4xx_hal.o
 .debug_macro   0x00021a6b      0x11c ./Drivers/STM32G4xx_HAL_Driver/Src/stm32g4xx_hal.o
 .debug_macro   0x00021b87      0x122 ./Drivers/STM32G4xx_HAL_Driver/Src/stm32g4xx_hal.o
 .debug_macro   0x00021ca9      0x3d1 ./Drivers/STM32G4xx_HAL_Driver/Src/stm32g4xx_hal.o
 .debug_macro   0x0002207a      0xc0b ./Drivers/STM32G4xx_HAL_Driver/Src/stm32g4xx_hal.o
 .debug_macro   0x00022c85      0x718 ./Drivers/STM32G4xx_HAL_Driver/Src/stm32g4xx_hal.o
 .debug_macro   0x0002339d      0x693 ./Drivers/STM32G4xx_HAL_Driver/Src/stm32g4xx_hal.o
 .debug_macro   0x00023a30       0xa6 ./Drivers/STM32G4xx_HAL_Driver/Src/stm32g4xx_hal.o
 .debug_macro   0x00023ad6      0x358 ./Drivers/STM32G4xx_HAL_Driver/Src/stm32g4xx_hal.o
 .debug_macro   0x00023e2e      0x1ce ./Drivers/STM32G4xx_HAL_Driver/Src/stm32g4xx_hal_cortex.o
 .debug_macro   0x00023ffc      0x1ce ./Drivers/STM32G4xx_HAL_Driver/Src/stm32g4xx_hal_dma.o
 .debug_macro   0x000241ca      0x1d5 ./Drivers/STM32G4xx_HAL_Driver/Src/stm32g4xx_hal_gpio.o
 .debug_macro   0x0002439f      0x1f8 ./Drivers/STM32G4xx_HAL_Driver/Src/stm32g4xx_hal_pwr_ex.o
 .debug_macro   0x00024597      0x210 ./Drivers/STM32G4xx_HAL_Driver/Src/stm32g4xx_hal_rcc.o
 .debug_macro   0x000247a7      0x1f8 ./Drivers/STM32G4xx_HAL_Driver/Src/stm32g4xx_hal_rcc_ex.o
 .debug_macro   0x0002499f      0x1d6 ./Drivers/STM32G4xx_HAL_Driver/Src/stm32g4xx_hal_tim.o
 .debug_macro   0x00024b75      0x1d4 ./Drivers/STM32G4xx_HAL_Driver/Src/stm32g4xx_hal_tim_ex.o
 .debug_macro   0x00024d49      0x1f9 ./Drivers/STM32G4xx_HAL_Driver/Src/stm32g4xx_hal_uart.o
 .debug_macro   0x00024f42      0x1da ./Drivers/STM32G4xx_HAL_Driver/Src/stm32g4xx_hal_uart_ex.o
 .debug_macro   0x0002511c      0x1dd ./Src/main.o
 .debug_macro   0x000252f9       0x94 ./Src/main.o
 .debug_macro   0x0002538d      0x1dd ./Src/stm32g4xx_hal_msp.o
 .debug_macro   0x0002556a      0x1e7 ./Src/stm32g4xx_it.o
 .debug_macro   0x00025751      0x1ce ./Src/system_stm32g4xx.o

.debug_line     0x00000000    0x125ad
 .debug_line    0x00000000      0xb41 ./Drivers/STM32G4xx_HAL_Driver/Src/stm32g4xx_hal.o
 .debug_line    0x00000b41      0xca3 ./Drivers/STM32G4xx_HAL_Driver/Src/stm32g4xx_hal_cortex.o
 .debug_line    0x000017e4      0xe53 ./Drivers/STM32G4xx_HAL_Driver/Src/stm32g4xx_hal_dma.o
 .debug_line    0x00002637      0xb2a ./Drivers/STM32G4xx_HAL_Driver/Src/stm32g4xx_hal_gpio.o
 .debug_line    0x00003161      0xc9d ./Drivers/STM32G4xx_HAL_Driver/Src/stm32g4xx_hal_pwr_ex.o
 .debug_line    0x00003dfe      0xfc1 ./Drivers/STM32G4xx_HAL_Driver/Src/stm32g4xx_hal_rcc.o
 .debug_line    0x00004dbf     0x1237 ./Drivers/STM32G4xx_HAL_Driver/Src/stm32g4xx_hal_rcc_ex.o
 .debug_line    0x00005ff6     0x4091 ./Drivers/STM32G4xx_HAL_Driver/Src/stm32g4xx_hal_tim.o
 .debug_line    0x0000a087     0x2045 ./Drivers/STM32G4xx_HAL_Driver/Src/stm32g4xx_hal_tim_ex.o
 .debug_line    0x0000c0cc     0x35a0 ./Drivers/STM32G4xx_HAL_Driver/Src/stm32g4xx_hal_uart.o
 .debug_line    0x0000f66c      0xc73 ./Drivers/STM32G4xx_HAL_Driver/Src/stm32g4xx_hal_uart_ex.o
 .debug_line    0x000102df      0xa15 ./Src/main.o
 .debug_line    0x00010cf4      0x8c2 ./Src/stm32g4xx_hal_msp.o
 .debug_line    0x000115b6      0x80f ./Src/stm32g4xx_it.o
 .debug_line    0x00011dc5      0x76d ./Src/system_stm32g4xx.o
 .debug_line    0x00012532       0x7b ./Startup/startup_stm32g474retx.o

.debug_str      0x00000000    0xf8314
 .debug_str     0x00000000    0xf8314 ./Drivers/STM32G4xx_HAL_Driver/Src/stm32g4xx_hal.o
                              0xf3a75 (size before relaxing)
 .debug_str     0x000f8314    0xf3731 ./Drivers/STM32G4xx_HAL_Driver/Src/stm32g4xx_hal_cortex.o
 .debug_str     0x000f8314    0xf313d ./Drivers/STM32G4xx_HAL_Driver/Src/stm32g4xx_hal_dma.o
 .debug_str     0x000f8314    0xf2eee ./Drivers/STM32G4xx_HAL_Driver/Src/stm32g4xx_hal_gpio.o
 .debug_str     0x000f8314    0xf3251 ./Drivers/STM32G4xx_HAL_Driver/Src/stm32g4xx_hal_pwr_ex.o
 .debug_str     0x000f8314    0xf3482 ./Drivers/STM32G4xx_HAL_Driver/Src/stm32g4xx_hal_rcc.o
 .debug_str     0x000f8314    0xf34ac ./Drivers/STM32G4xx_HAL_Driver/Src/stm32g4xx_hal_rcc_ex.o
 .debug_str     0x000f8314    0xf4261 ./Drivers/STM32G4xx_HAL_Driver/Src/stm32g4xx_hal_tim.o
 .debug_str     0x000f8314    0xf3ed5 ./Drivers/STM32G4xx_HAL_Driver/Src/stm32g4xx_hal_tim_ex.o
 .debug_str     0x000f8314    0xf3d1e ./Drivers/STM32G4xx_HAL_Driver/Src/stm32g4xx_hal_uart.o
 .debug_str     0x000f8314    0xf351c ./Drivers/STM32G4xx_HAL_Driver/Src/stm32g4xx_hal_uart_ex.o
 .debug_str     0x000f8314    0xf3de9 ./Src/main.o
 .debug_str     0x000f8314    0xf41cb ./Src/stm32g4xx_hal_msp.o
 .debug_str     0x000f8314    0xf378a ./Src/stm32g4xx_it.o
 .debug_str     0x000f8314    0xf2d5e ./Src/system_stm32g4xx.o
 .debug_str     0x000f8314       0x98 ./Startup/startup_stm32g474retx.o

.comment        0x00000000       0x43
 .comment       0x00000000       0x43 ./Drivers/STM32G4xx_HAL_Driver/Src/stm32g4xx_hal.o
                                 0x44 (size before relaxing)
 .comment       0x00000043       0x44 ./Drivers/STM32G4xx_HAL_Driver/Src/stm32g4xx_hal_cortex.o
 .comment       0x00000043       0x44 ./Drivers/STM32G4xx_HAL_Driver/Src/stm32g4xx_hal_dma.o
 .comment       0x00000043       0x44 ./Drivers/STM32G4xx_HAL_Driver/Src/stm32g4xx_hal_gpio.o
 .comment       0x00000043       0x44 ./Drivers/STM32G4xx_HAL_Driver/Src/stm32g4xx_hal_pwr_ex.o
 .comment       0x00000043       0x44 ./Drivers/STM32G4xx_HAL_Driver/Src/stm32g4xx_hal_rcc.o
 .comment       0x00000043       0x44 ./Drivers/STM32G4xx_HAL_Driver/Src/stm32g4xx_hal_rcc_ex.o
 .comment       0x00000043       0x44 ./Drivers/STM32G4xx_HAL_Driver/Src/stm32g4xx_hal_tim.o
 .comment       0x00000043       0x44 ./Drivers/STM32G4xx_HAL_Driver/Src/stm32g4xx_hal_tim_ex.o
 .comment       0x00000043       0x44 ./Drivers/STM32G4xx_HAL_Driver/Src/stm32g4xx_hal_uart.o
 .comment       0x00000043       0x44 ./Drivers/STM32G4xx_HAL_Driver/Src/stm32g4xx_hal_uart_ex.o
 .comment       0x00000043       0x44 ./Src/main.o
 .comment       0x00000043       0x44 ./Src/stm32g4xx_hal_msp.o
 .comment       0x00000043       0x44 ./Src/stm32g4xx_it.o
 .comment       0x00000043       0x44 ./Src/system_stm32g4xx.o

.debug_frame    0x00000000     0x4274
 .debug_frame   0x00000000      0x480 ./Drivers/STM32G4xx_HAL_Driver/Src/stm32g4xx_hal.o
 .debug_frame   0x00000480      0x49c ./Drivers/STM32G4xx_HAL_Driver/Src/stm32g4xx_hal_cortex.o
 .debug_frame   0x0000091c      0x22c ./Drivers/STM32G4xx_HAL_Driver/Src/stm32g4xx_hal_dma.o
 .debug_frame   0x00000b48      0x130 ./Drivers/STM32G4xx_HAL_Driver/Src/stm32g4xx_hal_gpio.o
 .debug_frame   0x00000c78      0x46c ./Drivers/STM32G4xx_HAL_Driver/Src/stm32g4xx_hal_pwr_ex.o
 .debug_frame   0x000010e4      0x218 ./Drivers/STM32G4xx_HAL_Driver/Src/stm32g4xx_hal_rcc.o
 .debug_frame   0x000012fc      0x27c ./Drivers/STM32G4xx_HAL_Driver/Src/stm32g4xx_hal_rcc_ex.o
 .debug_frame   0x00001578     0x1148 ./Drivers/STM32G4xx_HAL_Driver/Src/stm32g4xx_hal_tim.o
 .debug_frame   0x000026c0      0x9d4 ./Drivers/STM32G4xx_HAL_Driver/Src/stm32g4xx_hal_tim_ex.o
 .debug_frame   0x00003094      0xa18 ./Drivers/STM32G4xx_HAL_Driver/Src/stm32g4xx_hal_uart.o
 .debug_frame   0x00003aac      0x29c ./Drivers/STM32G4xx_HAL_Driver/Src/stm32g4xx_hal_uart_ex.o
 .debug_frame   0x00003d48      0x14c ./Src/main.o
 .debug_frame   0x00003e94      0x17c ./Src/stm32g4xx_hal_msp.o
 .debug_frame   0x00004010      0x168 ./Src/stm32g4xx_it.o
 .debug_frame   0x00004178       0x50 ./Src/system_stm32g4xx.o
 .debug_frame   0x000041c8       0x20 /Applications/STM32CubeIDE.app/Contents/Eclipse/plugins/com.st.stm32cube.ide.mcu.externaltools.gnu-tools-for-stm32.14.3.rel1.macosaarch64_1.0.0.202602081740/tools/bin/../lib/gcc/arm-none-eabi/14.3.1/../../../../arm-none-eabi/lib/thumb/v7e-m+fp/hard/libc_nano.a(libc_a-memset.o)
 .debug_frame   0x000041e8       0x2c /Applications/STM32CubeIDE.app/Contents/Eclipse/plugins/com.st.stm32cube.ide.mcu.externaltools.gnu-tools-for-stm32.14.3.rel1.macosaarch64_1.0.0.202602081740/tools/bin/../lib/gcc/arm-none-eabi/14.3.1/../../../../arm-none-eabi/lib/thumb/v7e-m+fp/hard/libc_nano.a(libc_a-init.o)
 .debug_frame   0x00004214       0x2c /Applications/STM32CubeIDE.app/Contents/Eclipse/plugins/com.st.stm32cube.ide.mcu.externaltools.gnu-tools-for-stm32.14.3.rel1.macosaarch64_1.0.0.202602081740/tools/bin/../lib/gcc/arm-none-eabi/14.3.1/thumb/v7e-m+fp/hard/libgcc.a(_aeabi_uldivmod.o)
 .debug_frame   0x00004240       0x34 /Applications/STM32CubeIDE.app/Contents/Eclipse/plugins/com.st.stm32cube.ide.mcu.externaltools.gnu-tools-for-stm32.14.3.rel1.macosaarch64_1.0.0.202602081740/tools/bin/../lib/gcc/arm-none-eabi/14.3.1/thumb/v7e-m+fp/hard/libgcc.a(_udivmoddi4.o)

.debug_line_str
                0x00000000       0x7c
 .debug_line_str
                0x00000000       0x7c ./Startup/startup_stm32g474retx.o
