16:03:46 **** Incremental Build of configuration Debug for project Controller ****
make -j9 all 
arm-none-eabi-gcc "../Core/Src/motor_controller.c" -mcpu=cortex-m4 -std=gnu11 -g3 -DDEBUG -DUSE_HAL_DRIVER -DSTM32G474xx -c -I../Core/Inc -I../Drivers/STM32G4xx_HAL_Driver/Inc -I../Drivers/STM32G4xx_HAL_Driver/Inc/Legacy -I../Drivers/CMSIS/Device/ST/STM32G4xx/Include -I../Drivers/CMSIS/Include -O0 -ffunction-sections -fdata-sections -Wall -fstack-usage -fcyclomatic-complexity -MMD -MP -MF"Core/Src/motor_controller.d" -MT"Core/Src/motor_controller.o" --specs=nano.specs -mfpu=fpv4-sp-d16 -mfloat-abi=hard -mthumb -o "Core/Src/motor_controller.o"
arm-none-eabi-gcc -o "Controller.elf" @"objects.list"   -mcpu=cortex-m4 -T"/Users/thadzy/Documents/01_Active/Projects/Studio-III/STM32_Firmware/Controller/STM32G474RETX_FLASH.ld" --specs=nosys.specs -Wl,-Map="Controller.map" -Wl,--gc-sections -static --specs=nano.specs -mfpu=fpv4-sp-d16 -mfloat-abi=hard -mthumb -Wl,--start-group -lc -lm -Wl,--end-group
Finished building target: Controller.elf
 
arm-none-eabi-size  Controller.elf 
arm-none-eabi-objdump -h -S Controller.elf  > "Controller.list"
   text	   data	    bss	    dec	    hex	filename
  45696	    120	  14504	  60320	   eba0	Controller.elf
Finished building: default.size.stdout
 
Finished building: Controller.list
 

16:03:47 Build Finished. 0 errors, 0 warnings. (took 1s.77ms)

